U.............................1.................................................
......########....................................................########......
1.....#..............2.........................4.........................#......
......#...........................................................Z......#......
......#...........................3......................................#......
................................................................................
................................................................................
.....................Z...............W..........................................
....................................WWW.........................................
..................................WWWWWWW..................................Z....
................................WWWWWWWWWWW.....................................
....Z.........................WWWWWWWWWWWWWWW...................................
..............................WWWWWWWWWWWWWWW...................................
................................WWWWWWWWWWW............Z........................
..................................WWWWWWW.......................................
....................................WWW.........................................
.....................................W..........................................
................................................................................
....................Z...........................................................
......#...........................................Z......................#......
......#..................................................................#......
......#..................................................................#......
......########....................................................########......
...............................................................................E