U...............................................................................
......########....................................................########......
......#.........Z........................................................#......
......#...........................................................Z......#......
......#..................................................................#......
................................................................................
...........Z....................................................................
.....................Z...............W..........................................
....................................WWW.........................................
..................................WWWWWWW..................................Z....
................................WWWWWWWWWWW.....................................
....Z.........................WWWWWWWWWWWWWWW...................................
..............................WWWWWWWWWWWWWWW...................................
................................WWWWWWWWWWW............Z........................
..................................WWWWWWW.......................................
....................................WWW.........................................
.....................................W..........................................
................................................................................
....................Z...........................................................
......#...........................................Z......................#......
......#..................................................................#......
......#..................................................................#......
......########....................................................########......
...............................................................................E